// Jest Snapshot v1, https://goo.gl/fbAQLP

exports[` 1`] = `
"Snapshot Diff:
- First value
+ Second value

@@ -26,10 +26,12 @@
                             Control how Prettier formats quoted code embedded in the file.
                             Defaults to auto.
    --end-of-line <lf|crlf|cr|auto>
                             Which end of line characters to apply.
                             Defaults to lf.
+   --foo-string <string>    foo description
+                            Defaults to bar.
    --generator-star-spacing Add spaces around the star ('*') in generator functions (before and after - from eslint).
                             Defaults to false.
    --html-whitespace-sensitivity <css|strict|ignore>
                             How to handle whitespaces in HTML.
                             Defaults to css.
@@ -41,11 +43,11 @@
                             Defaults to false.
    --jsx-single-quote       Use single quotes in JSX.
                             Defaults to false.
    --paren-spacing          Print spaces between parens, WordPress style.
                             Defaults to false.
-   --parser <flow|babel|babel-flow|babel-ts|typescript|css|less|scss|json|json5|json-stringify|graphql|markdown|mdx|vue|yaml|html|angular|lwc>
+   --parser <flow|babel|babel-flow|babel-ts|typescript|css|less|scss|json|json5|json-stringify|graphql|markdown|mdx|vue|yaml|html|angular|lwc|foo-parser>
                             Which parser to use.
    --print-width <int>      The line length where Prettier will try wrap.
                             Defaults to 80.
    --prose-wrap <always|never|preserve>
                             How to wrap prose."
`;

exports[`show detailed external option with \`--help foo-string\` (stderr) 1`] = `""`;

exports[`show detailed external option with \`--help foo-string\` (stdout) 1`] = `
"--foo-string <string>

  foo description

Default: bar
"
`;

exports[`show detailed external option with \`--help foo-string\` (write) 1`] = `Array []`;
