// Jest Snapshot v1, https://goo.gl/fbAQLP

exports[`test.js format 1`] = `
====================================options=====================================
parsers: ["babel"]
printWidth: 80
                                                                                | printWidth
=====================================input======================================
import("module.js");
import("module.js").then((a) => a);

=====================================output=====================================
import("module.js");
import("module.js").then((a) => a);

================================================================================
`;
